../Core/Src/main.c:143:5:main	1512	static
../Core/Src/main.c:405:6:SystemClock_Config	96	static
../Core/Src/main.c:453:13:MX_ADC2_Init	32	static
../Core/Src/main.c:510:13:MX_HRTIM1_Init	160	static
../Core/Src/main.c:651:13:MX_I2C1_Init	8	static
../Core/Src/main.c:699:13:MX_TIM6_Init	24	static
../Core/Src/main.c:737:13:MX_USART2_UART_Init	8	static
../Core/Src/main.c:770:13:MX_DMA_Init	16	static
../Core/Src/main.c:788:13:MX_GPIO_Init	48	static
../Core/Src/main.c:816:6:handleEvent	24	static
../Core/Src/main.c:836:6:actionTurnOn	8	static
../Core/Src/main.c:841:6:actionTurnOff	8	static
../Core/Src/main.c:845:6:actionCalibrate	8	static
../Core/Src/main.c:850:6:parse_json	40	static
../Core/Src/main.c:881:6:HAL_UART_TxCpltCallback	16	static
../Core/Src/main.c:885:6:HAL_TIM_PeriodElapsedCallback	16	static
../Core/Src/main.c:890:6:HAL_UART_RxCpltCallback	16	static
../Core/Src/main.c:923:6:Error_Handler	4	static,ignoring_inline_asm
